<?xml version="1.0" encoding="UTF-8"?>
<mappingRoot domainID="com.ibm.msl.mapping.xml" domainIDExtension="zosconnect" jsonWrapped="false" targetNamespace="http://www.ibm.com/zosConnect/2.0/mapping/DELETE" version="8.0.5.0" xmlns="http://www.ibm.com/2008/ccl/Mapping" xmlns:map="http://www.ibm.com/zosConnect/2.0/mapping/DELETE">
    <inlinedXMLSchema targetNamespace="http://www.ibm.com/zosConnect/2.0/mapping/JSON/output/DELETE"><![CDATA[<?xml version="1.0" encoding="UTF-8"?><xsd:schema xmlns:xsd="http://www.w3.org/2001/XMLSchema" targetNamespace="http://www.ibm.com/zosConnect/2.0/mapping/JSON/output/DELETE" xmlns:tns="http://www.ibm.com/zosConnect/2.0/mapping/JSON/output/DELETE"> 
  <xsd:element name="DELACC_COMMAREA" type="tns:DELACC_COMMAREA"/> 
  <xsd:complexType name="DELACC_COMMAREA"> 
    <xsd:sequence> 
      <xsd:element minOccurs="0" name="DELACC_EYE"> 
        <xsd:simpleType> 
          <xsd:restriction base="xsd:string"> 
            <xsd:maxLength value="4"/> 
          </xsd:restriction> 
        </xsd:simpleType> 
      </xsd:element> 
      <xsd:element minOccurs="0" name="DELACC_CUSTNO"> 
        <xsd:simpleType> 
          <xsd:restriction base="xsd:string"> 
            <xsd:maxLength value="10"/> 
          </xsd:restriction> 
        </xsd:simpleType> 
      </xsd:element> 
      <xsd:element minOccurs="0" name="DELACC_SCODE"> 
        <xsd:simpleType> 
          <xsd:restriction base="xsd:string"> 
            <xsd:maxLength value="6"/> 
          </xsd:restriction> 
        </xsd:simpleType> 
      </xsd:element> 
      <xsd:element minOccurs="0" name="DELACC_ACCNO"> 
        <xsd:simpleType> 
          <xsd:restriction base="xsd:integer"> 
            <xsd:minInclusive value="0"/> 
            <xsd:maxInclusive value="99999999"/> 
          </xsd:restriction> 
        </xsd:simpleType> 
      </xsd:element> 
      <xsd:element minOccurs="0" name="DELACC_ACC_TYPE"> 
        <xsd:simpleType> 
          <xsd:restriction base="xsd:string"> 
            <xsd:maxLength value="8"/> 
          </xsd:restriction> 
        </xsd:simpleType> 
      </xsd:element> 
      <xsd:element minOccurs="0" name="DELACC_INT_RATE"> 
        <xsd:simpleType> 
          <xsd:restriction base="xsd:decimal"> 
            <xsd:minInclusive value="0"/> 
            <xsd:maxInclusive value="9999.99"/> 
            <xsd:fractionDigits value="2"/> 
          </xsd:restriction> 
        </xsd:simpleType> 
      </xsd:element> 
      <xsd:element minOccurs="0" name="DELACC_OPENED"> 
        <xsd:simpleType> 
          <xsd:restriction base="xsd:integer"> 
            <xsd:minInclusive value="0"/> 
            <xsd:maxInclusive value="99999999"/> 
          </xsd:restriction> 
        </xsd:simpleType> 
      </xsd:element> 
      <xsd:element minOccurs="0" name="DELACC_OVERDRAFT"> 
        <xsd:simpleType> 
          <xsd:restriction base="xsd:integer"> 
            <xsd:minInclusive value="0"/> 
            <xsd:maxInclusive value="99999999"/> 
          </xsd:restriction> 
        </xsd:simpleType> 
      </xsd:element> 
      <xsd:element minOccurs="0" name="DELACC_LAST_STMT_DT"> 
        <xsd:simpleType> 
          <xsd:restriction base="xsd:integer"> 
            <xsd:minInclusive value="0"/> 
            <xsd:maxInclusive value="99999999"/> 
          </xsd:restriction> 
        </xsd:simpleType> 
      </xsd:element> 
      <xsd:element minOccurs="0" name="DELACC_NEXT_STMT_DT"> 
        <xsd:simpleType> 
          <xsd:restriction base="xsd:integer"> 
            <xsd:minInclusive value="0"/> 
            <xsd:maxInclusive value="99999999"/> 
          </xsd:restriction> 
        </xsd:simpleType> 
      </xsd:element> 
      <xsd:element minOccurs="0" name="DELACC_AVAIL_BAL"> 
        <xsd:simpleType> 
          <xsd:restriction base="xsd:decimal"> 
            <xsd:minInclusive value="-9999999999.99"/> 
            <xsd:maxInclusive value="9999999999.99"/> 
            <xsd:fractionDigits value="2"/> 
          </xsd:restriction> 
        </xsd:simpleType> 
      </xsd:element> 
      <xsd:element minOccurs="0" name="DELACC_ACTUAL_BAL"> 
        <xsd:simpleType> 
          <xsd:restriction base="xsd:decimal"> 
            <xsd:minInclusive value="-9999999999.99"/> 
            <xsd:maxInclusive value="9999999999.99"/> 
            <xsd:fractionDigits value="2"/> 
          </xsd:restriction> 
        </xsd:simpleType> 
      </xsd:element> 
      <xsd:element minOccurs="0" name="DELACC_SUCCESS"> 
        <xsd:simpleType> 
          <xsd:restriction base="xsd:string"> 
            <xsd:maxLength value="1"/> 
          </xsd:restriction> 
        </xsd:simpleType> 
      </xsd:element> 
      <xsd:element minOccurs="0" name="DELACC_FAIL_CD"> 
        <xsd:simpleType> 
          <xsd:restriction base="xsd:string"> 
            <xsd:maxLength value="1"/> 
          </xsd:restriction> 
        </xsd:simpleType> 
      </xsd:element> 
      <xsd:element minOccurs="0" name="DELACC_DEL_SUCCESS"> 
        <xsd:simpleType> 
          <xsd:restriction base="xsd:string"> 
            <xsd:maxLength value="1"/> 
          </xsd:restriction> 
        </xsd:simpleType> 
      </xsd:element> 
      <xsd:element minOccurs="0" name="DELACC_DEL_FAIL_CD"> 
        <xsd:simpleType> 
          <xsd:restriction base="xsd:string"> 
            <xsd:maxLength value="1"/> 
          </xsd:restriction> 
        </xsd:simpleType> 
      </xsd:element> 
      <xsd:element minOccurs="0" name="DELACC_DEL_APPLID"> 
        <xsd:simpleType> 
          <xsd:restriction base="xsd:string"> 
            <xsd:maxLength value="8"/> 
          </xsd:restriction> 
        </xsd:simpleType> 
      </xsd:element> 
      <xsd:element minOccurs="0" name="DELACC_DEL_PCB1"> 
        <xsd:simpleType> 
          <xsd:restriction base="xsd:string"> 
            <xsd:maxLength value="4"/> 
          </xsd:restriction> 
        </xsd:simpleType> 
      </xsd:element> 
      <xsd:element minOccurs="0" name="DELACC_DEL_PCB2"> 
        <xsd:simpleType> 
          <xsd:restriction base="xsd:string"> 
            <xsd:maxLength value="4"/> 
          </xsd:restriction> 
        </xsd:simpleType> 
      </xsd:element> 
      <xsd:element minOccurs="0" name="DELACC_DEL_PCB3"> 
        <xsd:simpleType> 
          <xsd:restriction base="xsd:string"> 
            <xsd:maxLength value="4"/> 
          </xsd:restriction> 
        </xsd:simpleType> 
      </xsd:element> 
    </xsd:sequence> 
  </xsd:complexType> 
</xsd:schema>]]></inlinedXMLSchema>
    <inlinedXMLSchema targetNamespace="http://www.ibm.com/zosConnect/2.0/mapping/HTTP/input/DELETE"><![CDATA[

<?xml version="1.0" encoding="UTF-8"?>
<xsd:schema targetNamespace="http://www.ibm.com/zosConnect/2.0/mapping/HTTP/input/DELETE" xmlns:body="http://www.ibm.com/zosConnect/2.0/mapping/JSON/output/DELETE" xmlns:tns="http://www.ibm.com/zosConnect/2.0/mapping/HTTP/input/DELETE" xmlns:xsd="http://www.w3.org/2001/XMLSchema"> 
 
      <xsd:import namespace="http://www.ibm.com/zosConnect/2.0/mapping/JSON/output/DELETE" schemaLocation="../schema_0.xsd"></xsd:import> 
 
      <xsd:element name="HTTPRequest" type="tns:HTTPRequestType"></xsd:element> 
 
      <xsd:complexType name="HTTPRequestType"> 
        <xsd:sequence> 
          <xsd:element name="Headers" type="tns:HeadersType"></xsd:element> 
          <xsd:element name="PathParameters" type="tns:PathParametersType"></xsd:element> 
          <xsd:element name="QueryParameters" type="tns:QueryParametersType"></xsd:element> 
          <xsd:element name="Body" type="tns:BodyType"></xsd:element> 
        </xsd:sequence> 
      </xsd:complexType> 
 
      <xsd:complexType name="HeadersType"> 
        <xsd:sequence> 
        	<xsd:element maxOccurs="1" minOccurs="0" name="Authorization" type="xsd:string"></xsd:element> 
        </xsd:sequence> 
      </xsd:complexType> 
 
      <xsd:complexType name="PathParametersType"> 
        <xsd:sequence> 
            <xsd:element maxOccurs="1" minOccurs="1" name="accno" type="xsd:string"></xsd:element> 
        </xsd:sequence> 
      </xsd:complexType> 
 
      <xsd:complexType name="QueryParametersType"> 
        <xsd:sequence> 
        </xsd:sequence> 
      </xsd:complexType> 
 
      <xsd:complexType name="BodyType"> 
        <xsd:sequence> 
          <xsd:element ref="body:DELACC_COMMAREA"></xsd:element> 
        </xsd:sequence> 
      </xsd:complexType> 
    </xsd:schema>]]></inlinedXMLSchema>
    <input inlinedXMLSchema="true" path="../schema_1.xsd" targetNamespace="http://www.ibm.com/zosConnect/2.0/mapping/HTTP/input/DELETE" var="rootInput"></input>
    <output inlinedXMLSchema="true" path="../schema_0.xsd" targetNamespace="http://www.ibm.com/zosConnect/2.0/mapping/JSON/output/DELETE" var="rootOutput"></output>
    <namespaces>
        <namespace kind="supplement" prefix="in" uri="http://www.ibm.com/zosConnect/2.0/mapping/HTTP/input/DELETE"></namespace>
        <namespace kind="supplement" prefix="out" uri="http://www.ibm.com/zosConnect/2.0/mapping/JSON/output/DELETE"></namespace>
    </namespaces>
    <mappingDeclaration name="DELETE.remove.{accno}">
        <input namespace="http://www.ibm.com/zosConnect/2.0/mapping/HTTP/input/DELETE" path="$rootInput/HTTPRequest"></input>
        <output namespace="http://www.ibm.com/zosConnect/2.0/mapping/JSON/output/DELETE" path="$rootOutput/DELACC_COMMAREA"></output>
        <passthrough>
            <input path="Body/DELACC_COMMAREA"></input>
            <output path="."></output>
            <updates>
                <move>
                    <input httpIn="path" path="PathParameters/accno" shape="1" xsdBuiltInOrDerivedSimpleType="http://www.w3.org/2001/XMLSchema:string"></input>
                    <output httpIn="body" path="DELACC_ACCNO" shape="1,2" xsdBuiltInOrDerivedSimpleType="http://www.w3.org/2001/XMLSchema:integer"></output>
                </move>
            </updates>
        </passthrough>
    </mappingDeclaration>
</mappingRoot>