<?xml version="1.0" encoding="UTF-8"?>
<mappingRoot xmlns="http://www.ibm.com/2008/ccl/Mapping"
	domainID="com.ibm.msl.mapping.xml"
	domainIDExtension="zosconnect"
	targetNamespace="http://www.ibm.com/zosConnect/2.0/mapping/DELETE"
	version="8.0.5.0"
	xmlns:map="http://www.ibm.com/zosConnect/2.0/mapping/DELETE"
	jsonWrapped="false"
	 
	>

<!--  Copyright IBM Corp. 2023   -->

	<inlinedXMLSchema targetNamespace="http://www.ibm.com/zosConnect/2.0/mapping/JSON/input/DELETE"><![CDATA[

	<?xml version="1.0" encoding="UTF-8"?><xsd:schema xmlns:xsd="http://www.w3.org/2001/XMLSchema" targetNamespace="http://www.ibm.com/zosConnect/2.0/mapping/JSON/input/DELETE" xmlns:tns="http://www.ibm.com/zosConnect/2.0/mapping/JSON/input/DELETE">
  <xsd:element name="DelAcc" type="tns:DelAcc"/>
  <xsd:complexType name="DelAcc">
    <xsd:sequence>
      <xsd:element minOccurs="0" name="DelAccEye">
        <xsd:simpleType>
          <xsd:restriction base="xsd:string">
            <xsd:maxLength value="4"/>
          </xsd:restriction>
        </xsd:simpleType>
      </xsd:element>
      <xsd:element minOccurs="0" name="DelAccCustno">
        <xsd:simpleType>
          <xsd:restriction base="xsd:string">
            <xsd:maxLength value="10"/>
          </xsd:restriction>
        </xsd:simpleType>
      </xsd:element>
      <xsd:element minOccurs="0" name="DelAccScode">
        <xsd:simpleType>
          <xsd:restriction base="xsd:string">
            <xsd:maxLength value="6"/>
          </xsd:restriction>
        </xsd:simpleType>
      </xsd:element>
      <xsd:element minOccurs="0" name="DelAccAccno">
        <xsd:simpleType>
          <xsd:restriction base="xsd:integer">
            <xsd:minInclusive value="0"/>
            <xsd:maxInclusive value="99999999"/>
          </xsd:restriction>
        </xsd:simpleType>
      </xsd:element>
      <xsd:element minOccurs="0" name="DelAccAccType">
        <xsd:simpleType>
          <xsd:restriction base="xsd:string">
            <xsd:maxLength value="8"/>
          </xsd:restriction>
        </xsd:simpleType>
      </xsd:element>
      <xsd:element minOccurs="0" name="DelAccIntRate">
        <xsd:simpleType>
          <xsd:restriction base="xsd:decimal">
            <xsd:minInclusive value="0"/>
            <xsd:maxInclusive value="9999.99"/>
            <xsd:fractionDigits value="2"/>
          </xsd:restriction>
        </xsd:simpleType>
      </xsd:element>
      <xsd:element minOccurs="0" name="DelAccOpened">
        <xsd:simpleType>
          <xsd:restriction base="xsd:integer">
            <xsd:minInclusive value="0"/>
            <xsd:maxInclusive value="99999999"/>
          </xsd:restriction>
        </xsd:simpleType>
      </xsd:element>
      <xsd:element minOccurs="0" name="DelAccOverdraft">
        <xsd:simpleType>
          <xsd:restriction base="xsd:integer">
            <xsd:minInclusive value="0"/>
            <xsd:maxInclusive value="99999999"/>
          </xsd:restriction>
        </xsd:simpleType>
      </xsd:element>
      <xsd:element minOccurs="0" name="DelAccLastStmtDt">
        <xsd:simpleType>
          <xsd:restriction base="xsd:integer">
            <xsd:minInclusive value="0"/>
            <xsd:maxInclusive value="99999999"/>
          </xsd:restriction>
        </xsd:simpleType>
      </xsd:element>
      <xsd:element minOccurs="0" name="DelAccNextStmtDt">
        <xsd:simpleType>
          <xsd:restriction base="xsd:integer">
            <xsd:minInclusive value="0"/>
            <xsd:maxInclusive value="99999999"/>
          </xsd:restriction>
        </xsd:simpleType>
      </xsd:element>
      <xsd:element minOccurs="0" name="DelAccAvailBal">
        <xsd:simpleType>
          <xsd:restriction base="xsd:decimal">
            <xsd:minInclusive value="-9999999999.99"/>
            <xsd:maxInclusive value="9999999999.99"/>
            <xsd:fractionDigits value="2"/>
          </xsd:restriction>
        </xsd:simpleType>
      </xsd:element>
      <xsd:element minOccurs="0" name="DelAccActualBal">
        <xsd:simpleType>
          <xsd:restriction base="xsd:decimal">
            <xsd:minInclusive value="-9999999999.99"/>
            <xsd:maxInclusive value="9999999999.99"/>
            <xsd:fractionDigits value="2"/>
          </xsd:restriction>
        </xsd:simpleType>
      </xsd:element>
      <xsd:element minOccurs="0" name="DelAccSuccess">
        <xsd:simpleType>
          <xsd:restriction base="xsd:string">
            <xsd:maxLength value="1"/>
          </xsd:restriction>
        </xsd:simpleType>
      </xsd:element>
      <xsd:element minOccurs="0" name="DelAccFailCd">
        <xsd:simpleType>
          <xsd:restriction base="xsd:string">
            <xsd:maxLength value="1"/>
          </xsd:restriction>
        </xsd:simpleType>
      </xsd:element>
      <xsd:element minOccurs="0" name="DelAccDelSuccess">
        <xsd:simpleType>
          <xsd:restriction base="xsd:string">
            <xsd:maxLength value="1"/>
          </xsd:restriction>
        </xsd:simpleType>
      </xsd:element>
      <xsd:element minOccurs="0" name="DelAccDelFailCd">
        <xsd:simpleType>
          <xsd:restriction base="xsd:string">
            <xsd:maxLength value="1"/>
          </xsd:restriction>
        </xsd:simpleType>
      </xsd:element>
      <xsd:element minOccurs="0" name="DelAccDelApplid">
        <xsd:simpleType>
          <xsd:restriction base="xsd:string">
            <xsd:maxLength value="8"/>
          </xsd:restriction>
        </xsd:simpleType>
      </xsd:element>
      <xsd:element minOccurs="0" name="DelAccDelPcb1">
        <xsd:simpleType>
          <xsd:restriction base="xsd:string">
            <xsd:maxLength value="4"/>
          </xsd:restriction>
        </xsd:simpleType>
      </xsd:element>
      <xsd:element minOccurs="0" name="DelAccDelPcb2">
        <xsd:simpleType>
          <xsd:restriction base="xsd:string">
            <xsd:maxLength value="4"/>
          </xsd:restriction>
        </xsd:simpleType>
      </xsd:element>
      <xsd:element minOccurs="0" name="DelAccDelPcb3">
        <xsd:simpleType>
          <xsd:restriction base="xsd:string">
            <xsd:maxLength value="4"/>
          </xsd:restriction>
        </xsd:simpleType>
      </xsd:element>
    </xsd:sequence>
  </xsd:complexType>
</xsd:schema>

	]]></inlinedXMLSchema>

	<inlinedXMLSchema targetNamespace="http://www.ibm.com/zosConnect/2.0/mapping/HTTP/output/DELETE"><![CDATA[

    <?xml version="1.0" encoding="UTF-8"?>
    <xsd:schema xmlns:xsd="http://www.w3.org/2001/XMLSchema"
      targetNamespace="http://www.ibm.com/zosConnect/2.0/mapping/HTTP/output/DELETE"
      xmlns:body="http://www.ibm.com/zosConnect/2.0/mapping/JSON/input/DELETE"
      xmlns:tns="http://www.ibm.com/zosConnect/2.0/mapping/HTTP/output/DELETE">

      <xsd:import namespace="http://www.ibm.com/zosConnect/2.0/mapping/JSON/input/DELETE" schemaLocation="../schema_0.xsd"/>

      <xsd:element name="HTTPResponse" type="tns:HTTPResponseType"/>

      <xsd:complexType name="HTTPResponseType">
        <xsd:sequence>
          <xsd:element name="Headers" type="tns:HeadersType"/>
          <xsd:element name="Body" type="tns:BodyType"/>
        </xsd:sequence>
      </xsd:complexType>

      <xsd:complexType name="HeadersType">
        <xsd:sequence>
        </xsd:sequence>
      </xsd:complexType>

      <xsd:complexType name="BodyType">
        <xsd:sequence>
          <xsd:element ref="body:DelAcc"/>
        </xsd:sequence>
      </xsd:complexType>
    </xsd:schema>

	]]></inlinedXMLSchema>

    <input inlinedXMLSchema="true" path="../schema_0.xsd" targetNamespace="http://www.ibm.com/zosConnect/2.0/mapping/JSON/input/DELETE" var="rootInput"/>
    <output inlinedXMLSchema="true" path="../schema_1.xsd" targetNamespace="http://www.ibm.com/zosConnect/2.0/mapping/HTTP/output/DELETE" var="rootOutput"/>
    <namespaces>
        <namespace kind="supplement" prefix="in" uri="http://www.ibm.com/zosConnect/2.0/mapping/JSON/input/DELETE"/>
        <namespace kind="supplement" prefix="out" uri="http://www.ibm.com/zosConnect/2.0/mapping/HTTP/output/DELETE"/>
    </namespaces>
    <mappingDeclaration name="DELETE.remove.{accno}">
        <input namespace="http://www.ibm.com/zosConnect/2.0/mapping/JSON/input/DELETE" path="$rootInput/DelAcc"/>
        <output namespace="http://www.ibm.com/zosConnect/2.0/mapping/HTTP/output/DELETE" path="$rootOutput/HTTPResponse"/>
        <passthrough>
            <input path="."/>
            <output path="Body/DelAcc"/>
            <updates>
            </updates>
        </passthrough>
    </mappingDeclaration>

</mappingRoot>
